plugin.video.cgtn/resources/data/menu.json
plugin.video.cgtn/resources/lib/english/__init__.py
plugin.video.cgtn/resources/lib/english/news.py
plugin.video.cgtn/resources/lib/english/newscategory.py
plugin.video.cgtn/resources/lib/english/newsspecial.py
plugin.video.cgtn/resources/lib/english/program.py
plugin.video.cgtn/resources/lib/other/__init__.py
plugin.video.cgtn/resources/lib/other/section.py
plugin.video.cgtn/resources/lib/__init__.py
plugin.video.cgtn/resources/lib/channel.py
plugin.video.cgtn/resources/lib/config.py
plugin.video.cgtn/resources/lib/video.py
plugin.video.cgtn/resources/media/poster_cgtn_arabic.png
plugin.video.cgtn/resources/media/poster_cgtn_channels.png
plugin.video.cgtn/resources/media/poster_cgtn_document.png
plugin.video.cgtn/resources/media/poster_cgtn_english.png
plugin.video.cgtn/resources/media/poster_cgtn_espanol.png
plugin.video.cgtn/resources/media/poster_cgtn_french.png
plugin.video.cgtn/resources/media/poster_cgtn_live.png
plugin.video.cgtn/resources/media/poster_cgtn_news.png
plugin.video.cgtn/resources/media/poster_cgtn_russian.png
plugin.video.cgtn/resources/__init__.py
plugin.video.cgtn/resources/fanart.jpg
plugin.video.cgtn/resources/icon.png
plugin.video.cgtn/addon.xml
plugin.video.cgtn/cgtn.py
plugin.video.cgtn/config.py
plugin.video.cgtn/LICENSE.txt
